// Snapshot v1

exports[`Login flow > should login with valid credentials > flashAlert 1`] = `
"<div data-alert="" id="flash" class="flash success">
  You logged into a secure area!
  <a href="#" class="close">×</a>
</div>"
`;

exports[`Login flow > should not login with invalid credentials > flashAlert-invalid 1`] = `
"<div data-alert="" id="flash" class="flash error">
  Your username is invalid!
  <a href="#" class="close">×</a>
</div>"
`;

exports[`My Login application > should login with valid credentials > flashAlert 1`] = `
"<div data-alert="" id="flash" class="flash success">
  You logged into a secure area!
  <a href="#" class="close">×</a>
</div>"
`;
